mode: set
novel-man/backend/internal/services/generate/generate_service.go:17.61,19.16 2 0
novel-man/backend/internal/services/generate/generate_service.go:19.16,21.3 1 0
novel-man/backend/internal/services/generate/generate_service.go:22.2,24.8 1 0
novel-man/backend/internal/services/generate/generate_service.go:28.124,31.29 2 1
novel-man/backend/internal/services/generate/generate_service.go:31.29,33.3 1 1
novel-man/backend/internal/services/generate/generate_service.go:35.2,42.16 3 1
novel-man/backend/internal/services/generate/generate_service.go:42.16,44.3 1 1
novel-man/backend/internal/services/generate/generate_service.go:46.2,50.8 2 1
novel-man/backend/internal/services/generate/generate_service.go:54.133,57.29 2 1
novel-man/backend/internal/services/generate/generate_service.go:57.29,59.3 1 1
novel-man/backend/internal/services/generate/generate_service.go:61.2,68.34 3 1
novel-man/backend/internal/services/generate/generate_service.go:72.87,78.2 1 1
novel-man/backend/internal/services/generate/llm_service.go:34.42,36.2 1 1
novel-man/backend/internal/services/generate/llm_service.go:39.93,48.23 4 1
novel-man/backend/internal/services/generate/llm_service.go:48.23,50.3 1 1
novel-man/backend/internal/services/generate/llm_service.go:51.2,51.18 1 1
novel-man/backend/internal/services/generate/llm_service.go:51.18,53.3 1 1
novel-man/backend/internal/services/generate/llm_service.go:55.2,56.24 2 1
novel-man/backend/internal/services/generate/llm_service.go:56.24,58.3 1 0
novel-man/backend/internal/services/generate/llm_service.go:59.2,59.19 1 1
novel-man/backend/internal/services/generate/llm_service.go:59.19,61.3 1 0
novel-man/backend/internal/services/generate/llm_service.go:63.2,64.22 2 1
novel-man/backend/internal/services/generate/llm_service.go:64.22,66.3 1 0
novel-man/backend/internal/services/generate/llm_service.go:67.2,67.17 1 1
novel-man/backend/internal/services/generate/llm_service.go:67.17,69.3 1 0
novel-man/backend/internal/services/generate/llm_service.go:72.2,72.35 1 1
novel-man/backend/internal/services/generate/llm_service.go:72.35,74.3 1 1
novel-man/backend/internal/services/generate/llm_service.go:77.2,78.16 2 1
novel-man/backend/internal/services/generate/llm_service.go:78.16,81.3 2 0
novel-man/backend/internal/services/generate/llm_service.go:83.2,83.17 1 1
novel-man/backend/internal/services/generate/llm_service.go:86.120,90.12 3 0
novel-man/backend/internal/services/generate/llm_service.go:90.12,95.17 4 0
novel-man/backend/internal/services/generate/llm_service.go:95.17,98.4 2 0
novel-man/backend/internal/services/generate/llm_service.go:100.3,101.73 1 0
novel-man/backend/internal/services/generate/llm_service.go:101.73,106.5 4 0
novel-man/backend/internal/services/generate/llm_service.go:108.3,108.17 1 0
novel-man/backend/internal/services/generate/llm_service.go:108.17,110.4 1 0
novel-man/backend/internal/services/generate/llm_service.go:113.2,113.29 1 0
novel-man/backend/internal/services/generate/llm_service.go:116.100,118.16 2 1
novel-man/backend/internal/services/generate/llm_service.go:118.16,120.3 1 1
novel-man/backend/internal/services/generate/llm_service.go:121.2,121.30 1 1
